code
        boot1           0674
        syntax          0008
        where           000B
        fetch           0010
        cp16            0018
        cp16rom         1C90
        getntf          0020
        break           0028
        level2          0075
        rsl2basic       00FC
        out255FB00      01F8
        out255mask      0221
        ctl             0023
        vdchar          0033
        prchar          003B
        kbline          0040
        get             0013
        put             001B
        kbdscn          002B
        kbwait          0049
        delay           0060
        cls             01c9
        csoff           01F8
        csin            0235
        csout           0264
        cshwr           0287
        cshin           0296
        outstr          28a7
        outchr          032A
        dispa           033A
        linpos          0348
        kline           05D9
        kibuff          0361
        subsp           0713
        addsp           0716
        rsetsa          0778
        log             0809
        mltsp           0847
        divsp           08A2
        abs             0977
        mvvar           0982
        sgn             098A
        ldstsa          09A4
        ldsahl          09B1
        ldsara          09B4
        ldrasa          09BF
        ldrahl          09C2
        ldhlsa          09CB
        lddehl          09D2
        ldhlde          09D3
        movea           09D6
        moveb           09D7
        mvsahl          09F7
        mvalt           09FC
        cpsp            0A0C
        cpint           0A39
        cpdp            0A78
        chkavl          1963
        SNerror         1997
        error           19A2
        askstr          1BB3
        ready           1A19
        l1B2C           1B2C
        outdechl        0FAF
        readlinenum     1E5A
        tokenize        1BC0
        romdo           0458
        romki           03e3
        l3err           012D
        basprint        206F
        getexpr?        2337
        getnextval      249F
        ki_dcb          4016
        do_dcb          401E
        pr_dcb          4026
        port255         403D
        pstrbuf         40A7
        pramend         407A
        pvarend         40A0
        pbasbeg         40A4
        pbasend         40E1
        pvarbeg         40F9
        pstack          40E8
        GETPAR          0A7F
        BSCPAR          0A9A
        FLAGIN          0A9D
        CSASP           0AB1
        CHGIS           0ACC
        CSADP           0ADB
        FLAGDP          0AEC
        FLAGSP          0AEF
        FIX             0B26
        INT             0B37
        SUBINT          0BC7
        ADDINT          0BD2
        MLTINT          0BF2
        SUBDP           0C70
        ADDDP           0C77
        MLTDP           0DA1
        DIVDP           0DE5
        CSAASC          0FBD
        SQR             13E7
        POWER           13F7
        EXP             1439
        RND             14C9
        COS             1541
        SIN             1547
        TAN             15A8
        ATN             15BD
        BASIC           1A19
        FNDLIN          1B2C
        NEW             1B49
        TOKEN           1BC0
        FOR             1CA1
        RUNSTM          1D1E
        RESTORE         1D91
        STOP            1DA9
        END             1DAE
        CONT            1DE4
        TRON            1DF7
        TROFF           1DF8
        DEFSTR          1E00
        DEFINT          1E03
        DEFSNG          1E06
        DEFDBL          1E09
        FCERR           1E4A
        VAL             1E5A
        CLEAR           1E7A
        RUN             1EA3
        GOSUB           1EB1
        GOTO            1EC2
        RETURN          1EDE
        DATA            1F05
        REM             1F07
        EVALU           1F21
        ON              1F6C
        RESUME          1FAF
        ERROR           1FF4
        AUTO            2008
        IF              2039
        LPRINT          2067
        PRINT           206F
        INPUT           219A
        MVSTR           21E3
        READ            21EF
        NEXT            22B6
        DIVINT          2490
        CPSTR           25A1
        DIM             2608
        VARPTR          260D
        FRE             27D4
        POS             27F5
        STR             2836
        OUTSTR          28A7
        LEN             2A03
        ASC             2A0F
        CHR             2A1F
        LEFT            2A61
        RIGHT           2A91
        MID             2A9A
        INP             2AEF
        STRING          2A2F
        VAL             2AC5
        OUT             2AFB
        LLIST           2B29
        LIST            2B2E
        OSTR            2B75
        DELETE          2BC6
        CSAVE           2BF5
        CLOAD           2C1F
        PEEK            2CAA
        POKE            2CB1
        EDIT            2E60
        EDITOR          2E66
        INTMSK          37E0
        FDCSEL          37E1
        FDCCMD          37EC
        FDCTRK          37ED
        FDCSCT          37EE
        FDCDAT          37EF
        ftron           411B
        sa6             411D
        sa2             4121
        sahex           4127
        vtyptb          4101
        onerror         40F0
        ntf             40AF
        fdselect        43AC
        fdready         466C
        fdtrksctDE      4647
;        b               4831
        
